<testsuite errors="0" failures="0" name="Django Project Tests" skips="0" tests="66" time="10.719"><testcase classname="students.tests.test_journal_views.JuornalViewsTest" name="test_current_group" time="0.291842" /><testcase classname="students.tests.test_journal_views.JuornalViewsTest" name="test_get" time="0.144014" /><testcase classname="students.tests.test_journal_views.JuornalViewsTest" name="test_get_pk_month" time="0.124596" /><testcase classname="students.tests.test_journal_views.JuornalViewsTest" name="test_post" time="0.095658" /><testcase classname="students.tests.test_context_processors.ContextProcessorsTests" name="test_groups_processor" time="0.002944" /><testcase classname="students.tests.test_commands.CommandsTest" name="test_stcount" time="0.015435" /><testcase classname="students.tests.test_models.ModelsTest" name="test__action_unicode" time="0.000553" /><testcase classname="students.tests.test_models.ModelsTest" name="test_group_unicode" time="0.000546" /><testcase classname="students.tests.test_models.ModelsTest" name="test_journal_unicode" time="0.000507" /><testcase classname="students.tests.test_models.ModelsTest" name="test_student_unicode" time="0.000501" /><testcase classname="students.tests.test_contact_admin.ContactAdminFormTests" name="test_email_sent" time="0.082792" /><testcase classname="students.tests.test_action_views.ActionViewsTest" name="test_pagination" time="0.127188" /><testcase classname="students.tests.test_student_forms.TestStudentUpdateForm" name="test_access" time="0.050695" /><testcase classname="students.tests.test_student_forms.TestStudentUpdateForm" name="test_form" time="0.183834" /><testcase classname="students.tests.test_student_forms.TestStudentUpdateForm" name="test_success" time="0.153311" /><testcase classname="students.tests.test_util.UtilsTestCase" name="test_get_current_group" time="0.030568" /><testcase classname="students.tests.test_util.UtilsTestCase" name="test_get_groups" time="0.032153" /><testcase classname="students.tests.test_util.UtilsTestCase" name="test_paginate" time="0.034684" /><testcase classname="students.tests.test_groups_views.TestGroupAdd" name="test_access" time="0.031322" /><testcase classname="students.tests.test_groups_views.TestGroupAdd" name="test_get_form" time="0.170099" /><testcase classname="students.tests.test_groups_views.TestGroupAdd" name="test_post_right_data" time="0.126096" /><testcase classname="students.tests.test_groups_views.TestGroupAdd" name="test_post_wrong_data" time="0.136550" /><testcase classname="students.tests.test_groups_views.TestGroupDelete" name="test_access" time="0.059744" /><testcase classname="students.tests.test_groups_views.TestGroupDelete" name="test_confirm_delete" time="0.107126" /><testcase classname="students.tests.test_groups_views.TestGroupDelete" name="test_delete" time="0.178220" /><testcase classname="students.tests.test_groups_views.TestGroupUpdate" name="test_access" time="0.036475" /><testcase classname="students.tests.test_groups_views.TestGroupUpdate" name="test_get_form" time="0.131068" /><testcase classname="students.tests.test_groups_views.TestGroupUpdate" name="test_post_right_data" time="0.132402" /><testcase classname="students.tests.test_groups_views.TestGroupUpdate" name="test_post_wrong_data" time="0.132717" /><testcase classname="students.tests.test_groups_views.TestGroupsList" name="test_access" time="0.028048" /><testcase classname="students.tests.test_groups_views.TestGroupsList" name="test_current_group" time="0.119158" /><testcase classname="students.tests.test_groups_views.TestGroupsList" name="test_groups_list" time="0.119294" /><testcase classname="students.tests.test_groups_views.TestGroupsList" name="test_pagination" time="0.115224" /><testcase classname="students.tests.test_groups_views.TestGroupsList" name="test_reverse_order_by" time="0.122304" /><testcase classname="students.tests.test_student_add_form.TestStudentAddForm" name="test_access" time="0.034892" /><testcase classname="students.tests.test_student_add_form.TestStudentAddForm" name="test_get_form" time="0.160766" /><testcase classname="students.tests.test_student_add_form.TestStudentAddForm" name="test_post_right_data" time="0.337500" /><testcase classname="students.tests.test_student_add_form.TestStudentAddForm" name="test_post_wrong_data" time="0.515213" /><testcase classname="students.tests.test_templatetags.TemplateTagTests" name="test_nice_username" time="0.001533" /><testcase classname="students.tests.test_templatetags.TemplateTagTests" name="test_str2int" time="0.001291" /><testcase classname="students.tests.test_signals.StudentSignalsTests" name="test_log_contact_admin" time="0.082980" /><testcase classname="students.tests.test_signals.StudentSignalsTests" name="test_log_group_deleted_event" time="0.004719" /><testcase classname="students.tests.test_signals.StudentSignalsTests" name="test_log_group_updated_added_event" time="0.003961" /><testcase classname="students.tests.test_signals.StudentSignalsTests" name="test_log_monthjournal_changes" time="0.007910" /><testcase classname="students.tests.test_signals.StudentSignalsTests" name="test_log_student_deleted_event" time="0.006384" /><testcase classname="students.tests.test_signals.StudentSignalsTests" name="test_log_student_updated_added_event" time="0.004066" /><testcase classname="students.tests.test_student_views.TestStudentList" name="test_current_group" time="0.075938" /><testcase classname="students.tests.test_student_views.TestStudentList" name="test_order_by" time="0.060410" /><testcase classname="students.tests.test_student_views.TestStudentList" name="test_pagination" time="0.057339" /><testcase classname="students.tests.test_student_views.TestStudentList" name="test_reverse_order" time="0.062806" /><testcase classname="students.tests.test_student_views.TestStudentList" name="test_students_list" time="0.066825" /><testcase classname="students.tests.test_student_views.TestStudentsDelete" name="test_students_delete" time="0.163407" /><testcase classname="students.tests.test_student_views.TestStudentsDelete" name="test_students_delete_bunch" time="0.152242" /><testcase classname="students.tests.test_command_fill_db.CommandFillDbTest" name="test_right_options" time="0.026548" /><testcase classname="students.tests.test_command_fill_db.CommandFillDbTest" name="test_wrong_options" time="0.114795" /><testcase classname="students.tests.test_set_language.SetLanguageTest" name="test_set_language" time="0.005567" /><testcase classname="stud_auth.tests.test_users_views.TestProfile" name="test_access" time="0.029054" /><testcase classname="stud_auth.tests.test_users_views.TestProfile" name="test_profile" time="0.114605" /><testcase classname="stud_auth.tests.test_users_views.TestProfileEdit" name="test_access" time="0.030003" /><testcase classname="stud_auth.tests.test_users_views.TestProfileEdit" name="test_get_form" time="0.272424" /><testcase classname="stud_auth.tests.test_users_views.TestProfileEdit" name="test_post_data" time="0.119697" /><testcase classname="stud_auth.tests.test_users_views.TestRegistrationForm" name="test_get_form" time="0.052732" /><testcase classname="stud_auth.tests.test_users_views.TestRegistrationForm" name="test_post_data" time="0.191009" /><testcase classname="stud_auth.tests.test_users_views.TestUsersList" name="test_access" time="0.027993" /><testcase classname="stud_auth.tests.test_users_views.TestUsersList" name="test_users_list" time="0.106838" /><testcase classname="stud_auth.tests.test_templatetags.TestTemplatetags" name="test_assign_variable" time="0.001108" /></testsuite>